"abstract_building" :STATUS :VERIFIED
"abstract_building_type" :STATUS :VERIFIED
"activity" :STATUS :VERIFIED
"adv_task" :STATUS :UNCHECKED
"armor_flags" :STATUS :UNCHECKED
"armor_general_flags" :STATUS :UNCHECKED
"armor_properties" :STATUS :VERIFIED
"art_image" :STATUS :UNCHECKED
"art_image_chunk" :STATUS :UNCHECKED
"art_image_element" :STATUS :UNCHECKED
"art_image_element_creaturest" :STATUS :UNCHECKED
"art_image_element_itemst" :STATUS :UNCHECKED
"art_image_element_plantst" :STATUS :UNCHECKED
"art_image_element_shapest" :STATUS :UNCHECKED
"art_image_element_treest" :STATUS :UNCHECKED
"art_image_element_type" :STATUS :UNCHECKED
"art_image_property" :STATUS :UNCHECKED
"art_image_property_intransitive_verbst" :STATUS :UNCHECKED
"art_image_property_transitive_verbst" :STATUS :UNCHECKED
"art_image_property_type" :STATUS :UNCHECKED
"art_image_property_verb" :STATUS :UNCHECKED
"art_image_ref" :STATUS :VERIFIED
"artifact_record" :STATUS :VERIFIED
"biome_type" :STATUS :UNCHECKED
"block_flags" :STATUS :UNCHECKED
"body_info" :STATUS :VERIFIED
"body_part_flags" :STATUS :UNCHECKED
"body_part_raw" :STATUS :VERIFIED
"body_part_template" :STATUS :VERIFIED
"body_part_template_contype" :STATUS :VERIFIED
"body_template" :STATUS :VERIFIED
"building" :STATUS :VERIFIED
"building.@.*.*" :STATUS :UNCHECKED
"building_actual" :STATUS :VERIFIED
"building_actual.contained_items.*.*" :STATUS :VERIFIED
"building_animaltrapst" :STATUS :UNCHECKED
"building_aqueductst" :STATUS :VERIFIED
"building_archerytargetst" :STATUS :VERIFIED
"building_archerytargetst.archery_direction" :STATUS :VERIFIED
"building_armorstandst" :STATUS :VERIFIED
"building_bedst" :STATUS :VERIFIED
"building_boxst" :STATUS :VERIFIED
"building_bridgest" :STATUS :VERIFIED
"building_cabinetst" :STATUS :VERIFIED
"building_cagest" :STATUS :UNCHECKED
"building_chainst" :STATUS :UNCHECKED
"building_chairst" :STATUS :VERIFIED
"building_channelst" :STATUS :VERIFIED
"building_civzonest" :STATUS :UNCHECKED
"building_coffinst" :STATUS :VERIFIED
"building_design" :STATUS :VERIFIED
"building_doorst" :STATUS :VERIFIED
"building_drawBuffer" :STATUS :UNCHECKED
"building_farmplotst" :STATUS :UNCHECKED
"building_flags" :STATUS :VERIFIED
"building_floodgatest" :STATUS :VERIFIED
"building_furnacest" :STATUS :VERIFIED
"building_roadst" :STATUS :VERIFIED
"building_shopst" :STATUS :UNCHECKED
"building_siegeenginest" :STATUS :UNCHECKED
"building_siegeenginest.action" :STATUS :UNCHECKED
"building_siegeenginest.facing" :STATUS :UNCHECKED
"building_statuest" :STATUS :VERIFIED
"building_stockpilest" :STATUS :VERIFIED
"building_supportst" :STATUS :VERIFIED
"building_tablest" :STATUS :VERIFIED
"building_tradedepotst" :STATUS :VERIFIED
"building_trapst" :STATUS :VERIFIED
"building_type" :STATUS :VERIFIED
"building_wagonst" :STATUS :UNCHECKED
"building_weaponrackst" :STATUS :VERIFIED
"building_weaponst" :STATUS :UNCHECKED
"building_wellst" :STATUS :VERIFIED
"building_windowst" :STATUS :UNCHECKED
"building_workshopst" :STATUS :VERIFIED
"buildings_other_id" :STATUS :UNCHECKED
"caravan_state" :STATUS :UNCHECKED
"civzone_type" :STATUS :UNCHECKED
"contaminant" :STATUS :VERIFIED
"coord" :STATUS :VERIFIED
"coord16" :STATUS :VERIFIED
"coord16_path" :STATUS :UNCHECKED
"coord2d" :STATUS :UNCHECKED
"coord2d16" :STATUS :VERIFIED
"coord2d16_path" :STATUS :VERIFIED
"coord2d_path" :STATUS :UNCHECKED
"coord_path" :STATUS :VERIFIED
"creature_raw" :STATUS :VERIFIED
"creature_raw.@.*" :STATUS :VERIFIED
"creature_raw_flags" :STATUS :UNCHECKED
"damage_type" :STATUS :VERIFIED
"descriptor_color" :STATUS :VERIFIED
"descriptor_shape" :STATUS :VERIFIED
"dipscript_info" :STATUS :VERIFIED
"dye_info" :STATUS :UNCHECKED
"enabler" :STATUS :UNCHECKED
"engraving" :STATUS :VERIFIED
"engraving_flags" :STATUS :VERIFIED
"entity_activity_statistics" :STATUS :VERIFIED
"entity_activity_statistics.recent_jobs.*" :STATUS :UNCHECKED
"entity_raw" :STATUS :VERIFIED
"entity_raw_flags" :STATUS :UNCHECKED
"flow" :STATUS :VERIFIED
"flow_type" :STATUS :VERIFIED
"furnace_type" :STATUS :VERIFIED
"game_mode" :STATUS :VERIFIED
"game_type" :STATUS :VERIFIED
"general_ref" :STATUS :VERIFIED
"general_ref_artifactst" :STATUS :UNCHECKED
"general_ref_building" :STATUS :VERIFIED
"general_ref_building_cagedst" :STATUS :UNCHECKED
"general_ref_building_chainst" :STATUS :UNCHECKED
"general_ref_building_channeledst" :STATUS :UNCHECKED
"general_ref_building_civzone_assignedst" :STATUS :UNCHECKED
"general_ref_building_holderst" :STATUS :VERIFIED
"general_ref_building_triggerst" :STATUS :UNCHECKED
"general_ref_building_triggertargetst" :STATUS :UNCHECKED
"general_ref_coinbatchst" :STATUS :UNCHECKED
"general_ref_contained_in_itemst" :STATUS :UNCHECKED
"general_ref_contains_itemst" :STATUS :UNCHECKED
"general_ref_contains_unitst" :STATUS :UNCHECKED
"general_ref_entity_art_imagest" :STATUS :UNCHECKED
"general_ref_item" :STATUS :UNCHECKED
"general_ref_item_typest" :STATUS :UNCHECKED
"general_ref_mapsquarest" :STATUS :UNCHECKED
"general_ref_projectilest" :STATUS :UNCHECKED
"general_ref_type" :STATUS :UNCHECKED
"general_ref_unit" :STATUS :VERIFIED
"general_ref_unit_holderst" :STATUS :VERIFIED
"general_ref_unit_itemownerst" :STATUS :UNCHECKED
"general_ref_unit_tradebringerst" :STATUS :UNCHECKED
"general_ref_unit_traineest" :STATUS :UNCHECKED
"general_ref_unit_workerst" :STATUS :VERIFIED
"gloves_flags" :STATUS :UNCHECKED
"graphic" :STATUS :VERIFIED
"graphic.screen.*.*" :STATUS :VERIFIED
"guild_id" :STATUS :UNCHECKED
"helm_flags" :STATUS :UNCHECKED
"histfig_entity_link" :STATUS :VERIFIED
"histfig_entity_link_type" :STATUS :VERIFIED
"histfig_hf_link" :STATUS :UNCHECKED
"histfig_hf_link_type" :STATUS :UNCHECKED
"histfig_site_link" :STATUS :UNCHECKED
"histfig_site_link_type" :STATUS :UNCHECKED
"historical_entity" :STATUS :VERIFIED
"historical_entity.resources.@.*.*" :STATUS :UNCHECKED
"historical_entity.resources.meat_fish_recipes.*.*" :STATUS :UNCHECKED
"historical_entity.resources.other_recipes.*.*" :STATUS :UNCHECKED
"historical_entity.resources.unk13.*" :STATUS :UNCHECKED
"historical_entity.unk6a.*.*" :STATUS :VERIFIED
"historical_entity.unk6b.*.*" :STATUS :VERIFIED
"historical_figure" :STATUS :VERIFIED
"history_event" :STATUS :VERIFIED
"history_event_add_hf_entity_linkst" :STATUS :UNCHECKED
"history_event_agreements_voidedst" :STATUS :UNCHECKED
"history_event_artifact_createdst" :STATUS :VERIFIED
"history_event_artifact_droppedst" :STATUS :UNCHECKED
"history_event_artifact_foundst" :STATUS :UNCHECKED
"history_event_artifact_hiddenst" :STATUS :UNCHECKED
"history_event_artifact_lostst" :STATUS :UNCHECKED
"history_event_artifact_possessedst" :STATUS :UNCHECKED
"history_event_artifact_recoveredst" :STATUS :UNCHECKED
"history_event_contact_lostst" :STATUS :UNCHECKED
"history_event_created_sitest" :STATUS :VERIFIED
"history_event_demon_encasedst" :STATUS :VERIFIED
"history_event_demon_releasedst" :STATUS :UNCHECKED
"history_event_diplomat_lostst" :STATUS :UNCHECKED
"history_event_first_contact_failedst" :STATUS :UNCHECKED
"history_event_first_contactst" :STATUS :UNCHECKED
"history_event_hf_destroyed_sitest" :STATUS :UNCHECKED
"history_event_hist_figure_diedst" :STATUS :VERIFIED
"history_event_merchantst" :STATUS :VERIFIED
"history_event_reclaim_sitest" :STATUS :UNCHECKED
"history_event_site_abandonedst" :STATUS :UNCHECKED
"history_event_site_diedst" :STATUS :UNCHECKED
"history_event_topicagreement_concludedst" :STATUS :UNCHECKED
"history_event_topicagreement_madest" :STATUS :UNCHECKED
"history_event_topicagreement_rejectedst" :STATUS :UNCHECKED
"history_event_type" :STATUS :UNCHECKED
"history_event_war_attacked_sitest" :STATUS :VERIFIED
"history_event_war_destroyed_sitest" :STATUS :UNCHECKED
"history_event_war_peace_acceptedst" :STATUS :UNCHECKED
"history_event_war_peace_rejectedst" :STATUS :UNCHECKED
"improvement_type" :STATUS :UNCHECKED
"init" :STATUS :VERIFIED
"init_adventurer_flags" :STATUS :UNCHECKED
"init_display" :STATUS :VERIFIED
"init_display.windowed" :STATUS :VERIFIED
"init_display_flags" :STATUS :UNCHECKED
"init_font" :STATUS :VERIFIED
"init_game_flags" :STATUS :UNCHECKED
"init_input" :STATUS :VERIFIED
"init_input_flags" :STATUS :UNCHECKED
"init_media" :STATUS :VERIFIED
"init_media_flags" :STATUS :UNCHECKED
"init_nickname_mode" :STATUS :VERIFIED
"instrument_flags" :STATUS :UNCHECKED
"interface_breakdown_types" :STATUS :VERIFIED
"interface_button" :STATUS :VERIFIED
"interface_button_building_category_selectorst" :STATUS :VERIFIED
"interface_button_building_material_selectorst" :STATUS :VERIFIED
"interface_button_building_new_jobst" :STATUS :VERIFIED
"interface_button_buildingst" :STATUS :VERIFIED
"interface_button_button_designate_selectst" :STATUS :VERIFIED
"interface_button_button_donest" :STATUS :VERIFIED
"interface_button_button_light_up_selectorst" :STATUS :VERIFIED
"interface_button_buttonst" :STATUS :VERIFIED
"interface_button_construction_building_selectorst" :STATUS :VERIFIED
"interface_button_construction_category_selectorst" :STATUS :VERIFIED
"interface_button_construction_donest" :STATUS :VERIFIED
"interface_button_constructionst" :STATUS :VERIFIED
"interfacest" :STATUS :UNCHECKED
"interfacest.keybinds.*" :STATUS :VERIFIED
"item" :STATUS :VERIFIED
"item_actual" :STATUS :VERIFIED
"item_ammost" :STATUS :VERIFIED
"item_amuletst" :STATUS :VERIFIED
"item_animaltrapst" :STATUS :UNCHECKED
"item_anvilst" :STATUS :VERIFIED
"item_armorst" :STATUS :VERIFIED
"item_armorstandst" :STATUS :VERIFIED
"item_backpackst" :STATUS :UNCHECKED
"item_ballistaarrowheadst" :STATUS :UNCHECKED
"item_ballistapartsst" :STATUS :UNCHECKED
"item_barrelst" :STATUS :VERIFIED
"item_barst" :STATUS :VERIFIED
"item_bedst" :STATUS :VERIFIED
"item_binst" :STATUS :VERIFIED
"item_blocksst" :STATUS :VERIFIED
"item_bonesst" :STATUS :VERIFIED
"item_boxst" :STATUS :VERIFIED
"item_braceletst" :STATUS :VERIFIED
"item_bucketst" :STATUS :VERIFIED
"item_cabinetst" :STATUS :VERIFIED
"item_cagest" :STATUS :VERIFIED
"item_catapultpartsst" :STATUS :UNCHECKED
"item_category" :STATUS :VERIFIED
"item_chainst" :STATUS :UNCHECKED
"item_chairst" :STATUS :VERIFIED
"item_cheesest" :STATUS :UNCHECKED
"item_clothst" :STATUS :VERIFIED
"item_coffinst" :STATUS :VERIFIED
"item_coinst" :STATUS :VERIFIED
"item_constructed" :STATUS :VERIFIED
"item_corpsepiecest" :STATUS :VERIFIED
"item_corpsest" :STATUS :VERIFIED
"item_crafted" :STATUS :VERIFIED
"item_critter" :STATUS :UNCHECKED
"item_crownst" :STATUS :VERIFIED
"item_doorst" :STATUS :VERIFIED
"item_drinkst" :STATUS :VERIFIED
"item_earringst" :STATUS :VERIFIED
"item_extractst" :STATUS :VERIFIED
"item_figurinest" :STATUS :VERIFIED
"item_fish_rawst" :STATUS :UNCHECKED
"item_fishst" :STATUS :UNCHECKED
"item_flags" :STATUS :VERIFIED
"item_flaskst" :STATUS :UNCHECKED
"item_floodgatest" :STATUS :VERIFIED
"item_foodst" :STATUS :VERIFIED
"item_foodst.ingredients.*.*" :STATUS :UNCHECKED
"item_gemst" :STATUS :VERIFIED
"item_globst" :STATUS :VERIFIED
"item_glovesst" :STATUS :VERIFIED
"item_gobletst" :STATUS :VERIFIED
"item_helmst" :STATUS :VERIFIED
"item_instrumentst" :STATUS :UNCHECKED
"item_leavesst" :STATUS :UNCHECKED
"item_liquid" :STATUS :VERIFIED
"item_liquid_miscst" :STATUS :UNCHECKED
"item_liquipowder" :STATUS :VERIFIED
"item_magicness" :STATUS :UNCHECKED
"item_meatst" :STATUS :VERIFIED
"item_orest" :STATUS :VERIFIED
"item_pantsst" :STATUS :VERIFIED
"item_petst" :STATUS :UNCHECKED
"item_plantst" :STATUS :VERIFIED
"item_potionst" :STATUS :UNCHECKED
"item_powder" :STATUS :UNCHECKED
"item_powder_organicst" :STATUS :UNCHECKED
"item_quality" :STATUS :VERIFIED
"item_quiverst" :STATUS :VERIFIED
"item_remainsst" :STATUS :VERIFIED
"item_ringst" :STATUS :VERIFIED
"item_rockst" :STATUS :UNCHECKED
"item_roughst" :STATUS :VERIFIED
"item_sandst" :STATUS :UNCHECKED
"item_scepterst" :STATUS :VERIFIED
"item_seedsst" :STATUS :VERIFIED
"item_shellst" :STATUS :UNCHECKED
"item_shieldst" :STATUS :VERIFIED
"item_shoesst" :STATUS :VERIFIED
"item_siegeammost" :STATUS :UNCHECKED
"item_skin_rawst" :STATUS :VERIFIED
"item_skin_tannedst" :STATUS :VERIFIED
"item_skullst" :STATUS :VERIFIED
"item_smallgemst" :STATUS :VERIFIED
"item_statuest" :STATUS :VERIFIED
"item_stockpile_ref" :STATUS :VERIFIED
"item_stonest" :STATUS :VERIFIED
"item_tablest" :STATUS :VERIFIED
"item_threadst" :STATUS :VERIFIED
"item_totemst" :STATUS :VERIFIED
"item_toyst" :STATUS :UNCHECKED
"item_trapcompst" :STATUS :UNCHECKED
"item_trappartsst" :STATUS :VERIFIED
"item_type" :STATUS :VERIFIED
"item_verminst" :STATUS :UNCHECKED
"item_weaponrackst" :STATUS :VERIFIED
"item_weaponst" :STATUS :VERIFIED
"item_windowst" :STATUS :UNCHECKED
"item_woodst" :STATUS :VERIFIED
"itemdef" :STATUS :VERIFIED
"itemdef_ammost" :STATUS :VERIFIED
"itemdef_armorst" :STATUS :VERIFIED
"itemdef_foodst" :STATUS :VERIFIED
"itemdef_glovesst" :STATUS :VERIFIED
"itemdef_helmst" :STATUS :VERIFIED
"itemdef_instrumentst" :STATUS :VERIFIED
"itemdef_pantsst" :STATUS :VERIFIED
"itemdef_shieldst" :STATUS :VERIFIED
"itemdef_shoesst" :STATUS :VERIFIED
"itemdef_siegeammost" :STATUS :VERIFIED
"itemdef_toyst" :STATUS :VERIFIED
"itemdef_trapcompst" :STATUS :VERIFIED
"itemdef_weaponst" :STATUS :VERIFIED
"itemimprovement" :STATUS :UNCHECKED
"itemimprovement_art_imagest" :STATUS :UNCHECKED
"itemimprovement_bandsst" :STATUS :UNCHECKED
"itemimprovement_clothst" :STATUS :UNCHECKED
"itemimprovement_coveredst" :STATUS :UNCHECKED
"itemimprovement_itemspecificst" :STATUS :UNCHECKED
"itemimprovement_rings_hangingst" :STATUS :UNCHECKED
"itemimprovement_sewn_imagest" :STATUS :UNCHECKED
"itemimprovement_spikesst" :STATUS :UNCHECKED
"itemimprovement_threadst" :STATUS :UNCHECKED
"items_other_id" :STATUS :UNCHECKED
"job" :STATUS :VERIFIED
"job_flags" :STATUS :VERIFIED
"job_item_filter" :STATUS :UNCHECKED
"job_item_flags1" :STATUS :UNCHECKED
"job_item_flags2" :STATUS :UNCHECKED
"job_item_ref" :STATUS :VERIFIED
"job_item_ref.role" :STATUS :VERIFIED
"job_list_link" :STATUS :VERIFIED
"job_skill" :STATUS :VERIFIED
"job_type" :STATUS :VERIFIED
"job_type_class" :STATUS :UNCHECKED
"language_name" :STATUS :VERIFIED
"language_name.parts.*" :STATUS :UNCHECKED
"language_symbol" :STATUS :VERIFIED
"language_translation" :STATUS :VERIFIED
"language_word" :STATUS :VERIFIED
"language_word_flags" :STATUS :UNCHECKED
"local_population" :STATUS :VERIFIED
"manager_order" :STATUS :VERIFIED
"manager_order_template" :STATUS :UNCHECKED
"mandate" :STATUS :VERIFIED
"map_block" :STATUS :VERIFIED
"material_type" :STATUS :VERIFIED
"material_vec_ref" :STATUS :VERIFIED
"matgloss_gem" :STATUS :VERIFIED
"matgloss_gem_flags" :STATUS :UNCHECKED
"matgloss_plant" :STATUS :VERIFIED
"matgloss_plant.temperatures.*" :STATUS :VERIFIED
"matgloss_plant_flags" :STATUS :UNCHECKED
"matgloss_stone" :STATUS :VERIFIED
"matgloss_stone_flags" :STATUS :UNCHECKED
"matgloss_wood" :STATUS :VERIFIED
"matgloss_wood_flags" :STATUS :UNCHECKED
"meeting_diplomat_info" :STATUS :VERIFIED
"meeting_diplomat_info.@.*" :STATUS :UNCHECKED
"meeting_diplomat_info.@.*.*" :STATUS :UNCHECKED
"meeting_diplomat_info.@.*.*.@.*" :STATUS :UNCHECKED
"meeting_diplomat_info.@.*.*.@.*.@.*" :STATUS :UNCHECKED
"mineral_cluster" :STATUS :VERIFIED
"mood_type" :STATUS :VERIFIED
"nemesis_record" :STATUS :VERIFIED
"pants_flags" :STATUS :UNCHECKED
"part_of_speech" :STATUS :VERIFIED
"party_info" :STATUS :UNCHECKED
"pet_info" :STATUS :VERIFIED
"plant" :STATUS :VERIFIED
"plant_type" :STATUS :VERIFIED
"profession" :STATUS :VERIFIED
"proj_itemst" :STATUS :UNCHECKED
"proj_list_link" :STATUS :UNCHECKED
"proj_magicst" :STATUS :UNCHECKED
"proj_unitst" :STATUS :UNCHECKED
"projectile" :STATUS :UNCHECKED
"projectile_flags" :STATUS :UNCHECKED
"projectile_type" :STATUS :UNCHECKED
"quest_list_link" :STATUS :UNCHECKED
"region_biome_type" :STATUS :VERIFIED
"region_population" :STATUS :VERIFIED
"region_property_type" :STATUS :UNCHECKED
"report" :STATUS :VERIFIED
"shoes_flags" :STATUS :UNCHECKED
"shop_type" :STATUS :UNCHECKED
"siegeengine_type" :STATUS :VERIFIED
"site_type" :STATUS :UNCHECKED
"specific_ref" :STATUS :VERIFIED
"specific_ref_type" :STATUS :VERIFIED
"stockpile_category" :STATUS :VERIFIED
"stockpile_settings" :STATUS :VERIFIED
"stockpile_settings_food" :STATUS :VERIFIED
"task_kill_nemesisst" :STATUS :UNCHECKED
"temperaturest" :STATUS :VERIFIED
"texture_handler" :STATUS :UNCHECKED
"tile_color" :STATUS :VERIFIED
"tile_designation" :STATUS :VERIFIED
"tile_occupancy" :STATUS :VERIFIED
"tile_page" :STATUS :UNCHECKED
"tiletype" :STATUS :VERIFIED
"timed_event" :STATUS :VERIFIED
"timed_event_type" :STATUS :VERIFIED
"toy_flags" :STATUS :UNCHECKED
"trap_type" :STATUS :VERIFIED
"ui" :STATUS :VERIFIED
"ui.crimes.*.*" :STATUS :VERIFIED
"ui.crimes.*.*.mode" :STATUS :VERIFIED
"ui.punishments.*.*" :STATUS :UNCHECKED
"ui_advmode" :STATUS :VERIFIED
"ui_advmode_menu" :STATUS :VERIFIED
"ui_build_selector" :STATUS :VERIFIED
"ui_look_list" :STATUS :VERIFIED
"ui_look_list.items.*.*" :STATUS :VERIFIED
"ui_look_list.items.*.*.type" :STATUS :VERIFIED
"ui_sidebar_menus" :STATUS :VERIFIED
"ui_sidebar_mode" :STATUS :VERIFIED
"ui_unit_view_mode" :STATUS :VERIFIED
"ui_unit_view_mode.value" :STATUS :VERIFIED
"unit" :STATUS :VERIFIED
"unit.@.*.*" :STATUS :UNCHECKED
"unit.counters.soldier_mood" :STATUS :UNCHECKED
"unit.friends.*.*" :STATUS :VERIFIED
"unit_chunk" :STATUS :UNCHECKED
"unit_contaminant" :STATUS :UNCHECKED
"unit_demand" :STATUS :UNCHECKED
"unit_demand.place" :STATUS :UNCHECKED
"unit_flags1" :STATUS :VERIFIED
"unit_flags2" :STATUS :VERIFIED
"unit_inventory_item" :STATUS :UNCHECKED
"unit_inventory_item.mode" :STATUS :UNCHECKED
"unit_labor" :STATUS :UNCHECKED
"unit_misc_trait" :STATUS :VERIFIED
"unit_misc_trait.id" :STATUS :VERIFIED
"unit_preference" :STATUS :VERIFIED
"unit_preference.type" :STATUS :VERIFIED
"unit_skill" :STATUS :VERIFIED
"unit_thought" :STATUS :VERIFIED
"vermin" :STATUS :VERIFIED
"vermin_flags" :STATUS :VERIFIED
"viewscreen" :STATUS :VERIFIED
"viewscreen_adventure_logst" :STATUS :UNCHECKED
"viewscreen_adventure_travelst" :STATUS :UNCHECKED
"viewscreen_announcelistst" :STATUS :UNCHECKED
"viewscreen_assigntradest" :STATUS :UNCHECKED
"viewscreen_barterst" :STATUS :UNCHECKED
"viewscreen_buildinglistst" :STATUS :UNCHECKED
"viewscreen_buildingst" :STATUS :UNCHECKED
"viewscreen_civlistst" :STATUS :UNCHECKED
"viewscreen_commandchainst" :STATUS :UNCHECKED
"viewscreen_conversationst" :STATUS :UNCHECKED
"viewscreen_createquotast" :STATUS :UNCHECKED
"viewscreen_customize_unitst" :STATUS :UNCHECKED
"viewscreen_dungeon_announcest" :STATUS :UNCHECKED
"viewscreen_dungeon_monsterstatusst" :STATUS :UNCHECKED
"viewscreen_dungeon_wrestlest" :STATUS :UNCHECKED
"viewscreen_dungeonmodest" :STATUS :UNCHECKED
"viewscreen_dwarfmodest" :STATUS :VERIFIED
"viewscreen_entityst" :STATUS :UNCHECKED
"viewscreen_export_regionst" :STATUS :UNCHECKED
"viewscreen_itemst" :STATUS :UNCHECKED
"viewscreen_jobmanagementst" :STATUS :UNCHECKED
"viewscreen_jobst" :STATUS :UNCHECKED
"viewscreen_justicest" :STATUS :UNCHECKED
"viewscreen_keybindingsst" :STATUS :UNCHECKED
"viewscreen_kitchenprefst" :STATUS :UNCHECKED
"viewscreen_layer" :STATUS :UNCHECKED
"viewscreen_layer_stockpilest" :STATUS :UNCHECKED
"viewscreen_layer_workshop_profilest" :STATUS :UNCHECKED
"viewscreen_legendsst" :STATUS :UNCHECKED
"viewscreen_loadgamest" :STATUS :UNCHECKED
"viewscreen_meetingst" :STATUS :UNCHECKED
"viewscreen_movieplayerst" :STATUS :UNCHECKED
"viewscreen_new_regionst" :STATUS :UNCHECKED
"viewscreen_noblelistst" :STATUS :UNCHECKED
"viewscreen_noblest" :STATUS :UNCHECKED
"viewscreen_optionst" :STATUS :UNCHECKED
"viewscreen_overallstatusst" :STATUS :UNCHECKED
"viewscreen_petst" :STATUS :UNCHECKED
"viewscreen_pricest" :STATUS :UNCHECKED
"viewscreen_requestagreementst" :STATUS :UNCHECKED
"viewscreen_savegamest" :STATUS :UNCHECKED
"viewscreen_selectitemst" :STATUS :UNCHECKED
"viewscreen_setupadventurest" :STATUS :UNCHECKED
"viewscreen_setupdwarfgamest" :STATUS :UNCHECKED
"viewscreen_squadst" :STATUS :UNCHECKED
"viewscreen_st" :STATUS :UNCHECKED
"viewscreen_storesst" :STATUS :UNCHECKED
"viewscreen_textviewerst" :STATUS :UNCHECKED
"viewscreen_titlest" :STATUS :UNCHECKED
"viewscreen_topicmeeting_takerequests_dwarfst" :STATUS :UNCHECKED
"viewscreen_topicmeeting_takerequests_humanst" :STATUS :UNCHECKED
"viewscreen_topicmeetingst" :STATUS :UNCHECKED
"viewscreen_tradeagreementst" :STATUS :UNCHECKED
"viewscreen_tradegoodsst" :STATUS :UNCHECKED
"viewscreen_tradelistst" :STATUS :UNCHECKED
"viewscreen_treasurelistst" :STATUS :UNCHECKED
"viewscreen_unitjobsst" :STATUS :UNCHECKED
"viewscreen_unitst" :STATUS :UNCHECKED
"viewscreen_wagesst" :STATUS :UNCHECKED
"weapon_flags" :STATUS :UNCHECKED
"weather_type" :STATUS :VERIFIED
"workshop_profile" :STATUS :VERIFIED
"workshop_type" :STATUS :VERIFIED
"world" :STATUS :VERIFIED
"world.campfires.*.*" :STATUS :UNCHECKED
"world.cavein_regions.*.*" :STATUS :UNCHECKED
"world.coin_batches.*.*" :STATUS :VERIFIED
"world.drink_areas.*.*" :STATUS :VERIFIED
"world.effects.*.*" :STATUS :UNCHECKED
"world.fires.*.*" :STATUS :UNCHECKED
"world.schedules.all.*.*" :STATUS :UNCHECKED
"world.schedules.all.*.*.@.*.*" :STATUS :UNCHECKED
"world.waterfalls.*.*" :STATUS :VERIFIED
"world.web_clusters.*.*" :STATUS :UNCHECKED
"world_data" :STATUS :VERIFIED
"world_data.@.*.*" :STATUS :VERIFIED
"world_data.@.*.*.@.*.*.*" :STATUS :UNCHECKED
"world_data.region_map.*.*" :STATUS :VERIFIED
"world_history" :STATUS :VERIFIED
"world_population_type" :STATUS :VERIFIED
"world_raws" :STATUS :VERIFIED
"world_raws.body.glosses.*.*" :STATUS :VERIFIED
"world_raws.language.word_table.*.*" :STATUS :VERIFIED
"world_region" :STATUS :VERIFIED
"world_region.tree_tiles.*" :STATUS :VERIFIED
"world_site" :STATUS :VERIFIED
"world_site.type" :STATUS :VERIFIED
